skjdgdlkgjsdgjwelrktj
safsdfsadfafasdfn start time 123131, end time 142323,
sdfasgfsagfsdgdsgdgasdfgasdfas
asedggwerd start time 2452453, end time 234252,
sdewtwetyewyehfg
wrgdy start time 43646, end time 4645754,
erteyrhdchbcdgdfrges
dgdfgee
dgsdgr